     Assembly listing for: HW1_MultDiv.mas
                Assembled: Tue Apr 17 19:29:35 PDT 2018

         |                              // Steven Reeves
         |                              // Homework 1
         |                              // CST 131
         |                              
000 5000 |           INPUT               
001 200D |           STORE x             
002 5000 |           INPUT               
003 200E |           STORE y             
004 0014 |           JNS mult            
005 0022 |           JNS div             
006 100F |           LOAD prod           
007 6000 |           OUTPUT              
008 1011 |           LOAD quot           
009 6000 |           OUTPUT              
00A 1012 |           LOAD rem            
00B 6000 |           OUTPUT              
00C 7000 |           HALT                
         |                              	
00D 0000 |  x        DEC 0               
00E 0000 |  y        DEC 0               
00F 0000 |  prod     DEC 0               
010 0000 |  temp     DEC 0               
011 0000 |  quot     DEC 0               
012 0000 |  rem      DEC 0               
013 0001 |  ONE      DEC 1               
014 0000 |  mult     HEX 0              // Store return address here
015 100E |           LOAD y              
016 2010 |           STORE temp          
017 8800 |           SKIPCOND 800       // if temp = 0, stop 
018 9021 |           JUMP loop1end       
019 100F |  loop1    LOAD prod          // Do things here
01A 300D |           ADD x               
01B 200F |           STORE prod          
01C 1010 |           LOAD temp           
01D 4013 |           SUBT ONE            
01E 2010 |           STORE temp          
01F 8400 |           SKIPCOND 400       // if temp = 0, stop 
020 9019 |           JUMP loop1          
021 C014 |  loop1end JUMPI mult         // Go back
022 0000 |  div      HEX 0              // Store return address here
023 100D |           LOAD x              
024 2012 |           STORE rem           
025 8800 |           SKIPCOND 800       // if rem = 0, stop 
026 9035 |           JUMP loopend        
027 1011 |  loop     LOAD quot           
028 3013 |           ADD ONE             
029 2011 |           STORE quot          
02A 1012 |           LOAD rem           // Do things here
02B 400E |           SUBT y              
02C 2012 |           STORE rem           
02D 8000 |           SKIPCOND 000       // if remainder is 0, stop
02E 9027 |           JUMP loop           
02F 1011 |           LOAD quot           
030 4013 |           SUBT ONE            
031 2011 |           STORE quot          
032 1012 |           LOAD rem            
033 300E |           ADD y               
034 2012 |           STORE rem           
035 C022 |  loopend  JUMPI div          // Go back

Assembly successful.

         SYMBOL TABLE
         ----------------------------------------------------
          Symbol   | Defined | References 
         ----------+---------+-------------------------------
          ONE      |   013   | 01D, 028, 030
          div      |   022   | 005, 035
          loop     |   027   | 02E
          loop1    |   019   | 020
          loop1end |   021   | 018
          loopend  |   035   | 026
          mult     |   014   | 004, 021
          prod     |   00F   | 006, 019, 01B
          quot     |   011   | 008, 027, 029, 02F, 031
          rem      |   012   | 00A, 024, 02A, 02C, 032, 034
          temp     |   010   | 016, 01C, 01E
          x        |   00D   | 001, 01A, 023
          y        |   00E   | 003, 015, 02B, 033
         ----------------------------------------------------

